// Jest Snapshot v1, https://goo.gl/fbAQLP

exports[`PriceDropdown component render matches the snapshot 1`] = `
<select
  className="price-dropdown"
  onChange={[Function]}
>
  <option
    value="highest"
  >
    Highest Price
  </option>
  <option
    value="lowest"
  >
    Lowest Price
  </option>
</select>
`;
